// Jest Snapshot v1, https://goo.gl/fbAQLP

exports[`Footer renders footer 1`] = `
<body>
  <div>
    <div
      class="background"
    >
      <div
        class="footer"
      >
        <div>
          Made with ðŸ”« by
            
          <a
            href="https://github.com/SavageCore"
            target="_blank"
          >
            SavageCore
          </a>
        </div>
      </div>
    </div>
  </div>
</body>
`;
